c:\users\henym\onedrive\desktop\project\rhythm\rhythm\x64\debug\vc143.pdb
c:\users\henym\onedrive\desktop\project\rhythm\rhythm\x64\debug\vc143.idb
c:\users\henym\onedrive\desktop\project\rhythm\rhythm\x64\debug\rhythm.obj
c:\users\henym\onedrive\desktop\project\rhythm\rhythm\x64\debug\playlist.obj
c:\users\henym\onedrive\desktop\project\rhythm\rhythm\x64\debug\listener.obj
c:\users\henym\onedrive\desktop\project\rhythm\rhythm\x64\debug\genre.obj
c:\projects\rhythm\rhythm\x64\debug\genre.obj
c:\projects\rhythm\rhythm\x64\debug\listener.obj
c:\projects\rhythm\rhythm\x64\debug\playlist.obj
c:\projects\rhythm\rhythm\x64\debug\rhythm.obj
c:\projects\rhythm\rhythm\x64\debug\vc143.idb
c:\projects\rhythm\rhythm\x64\debug\vc143.pdb
c:\projects\rhythm\x64\debug\rhythm.pdb
c:\projects\rhythm\rhythm\x64\debug\rhythm.tlog\cl.command.1.tlog
c:\projects\rhythm\rhythm\x64\debug\rhythm.tlog\cl.read.1.tlog
c:\projects\rhythm\rhythm\x64\debug\rhythm.tlog\cl.write.1.tlog
c:\projects\rhythm\rhythm\x64\debug\rhythm.tlog\link-cvtres.read.1.tlog
c:\projects\rhythm\rhythm\x64\debug\rhythm.tlog\link-cvtres.write.1.tlog
c:\projects\rhythm\rhythm\x64\debug\rhythm.tlog\link-rc.read.1.tlog
c:\projects\rhythm\rhythm\x64\debug\rhythm.tlog\link-rc.write.1.tlog
c:\projects\rhythm\rhythm\x64\debug\rhythm.tlog\link.command.1.tlog
c:\projects\rhythm\rhythm\x64\debug\rhythm.tlog\link.read.1.tlog
c:\projects\rhythm\rhythm\x64\debug\rhythm.tlog\link.read.2.tlog
c:\projects\rhythm\rhythm\x64\debug\rhythm.tlog\link.write.1.tlog
